// Jest Snapshot v1, https://goo.gl/fbAQLP

exports[`Registration component matches early snapshots 1`] = `
<MainForm
  login={
    Object {
      "label": "Enter email",
      "placeholder": "Enter email",
    }
  }
  password={
    Object {
      "label": "Enter Password",
      "placeholder": "Enter Password",
    }
  }
/>
`;
